{"level":"info","message":"Server running on port 3000","service":"academy-backend","timestamp":"2026-04-05 01:03:19"}
{"level":"info","message":"[MOCK] OTP for 919988776655 is 1234","service":"academy-backend","timestamp":"2026-04-05 01:07:25"}
{"level":"info","message":"[MOCK] OTP for 919988776655 is 1234","service":"academy-backend","timestamp":"2026-04-05 01:44:08"}
{"level":"info","message":"[MOCK] OTP for 919876543210 is 1234","service":"academy-backend","timestamp":"2026-04-05 01:44:33"}
{"level":"info","message":"Server running on port 3000","service":"academy-backend","timestamp":"2026-04-05 01:54:13"}
{"level":"info","message":"Server running on port 3000","service":"academy-backend","timestamp":"2026-04-05 02:06:54"}
{"level":"info","message":"Server running on port 3000","service":"academy-backend","timestamp":"2026-04-05 02:08:10"}
{"level":"info","message":"Server running on port 3000","service":"academy-backend","timestamp":"2026-04-05 02:08:17"}
{"level":"info","message":"Server running on port 3000","service":"academy-backend","timestamp":"2026-04-05 02:08:24"}
{"level":"info","message":"Server running on port 3000","service":"academy-backend","timestamp":"2026-04-05 02:10:23"}
{"level":"error","message":"invalid input value for enum txn_status: \"approved\" - POST /api/admin/members/36629c17-ae76-4f62-9ade-69cf49a08689/pay-cash - ::ffff:192.168.1.5","service":"academy-backend","timestamp":"2026-04-05 02:12:52"}
{"level":"error","message":"invalid input value for enum txn_status: \"approved\" - POST /api/admin/members/36629c17-ae76-4f62-9ade-69cf49a08689/pay-cash - ::ffff:192.168.1.5","service":"academy-backend","timestamp":"2026-04-05 02:13:11"}
{"level":"info","message":"Server running on port 3000","service":"academy-backend","timestamp":"2026-04-05 02:14:11"}
{"level":"info","message":"Server running on port 3000","service":"academy-backend","timestamp":"2026-04-05 02:16:24"}
{"level":"info","message":"Server running on port 3000","service":"academy-backend","timestamp":"2026-04-05 02:16:36"}
{"level":"info","message":"Server running on port 3000","service":"academy-backend","timestamp":"2026-04-05 02:18:40"}
{"level":"info","message":"Server running on port 3000","service":"academy-backend","timestamp":"2026-04-07 11:09:04"}
{"level":"info","message":"[MOCK] OTP for 911122334455 is 1234","service":"academy-backend","timestamp":"2026-04-07 11:20:46"}
{"level":"info","message":"[MOCK] OTP for 919988776655 is 1234","service":"academy-backend","timestamp":"2026-04-07 11:23:49"}
{"level":"info","message":"[MOCK] OTP for 919998887776 is 1234","service":"academy-backend","timestamp":"2026-04-07 11:25:56"}
{"level":"info","message":"[MOCK] OTP for 919876543211 is 1234","service":"academy-backend","timestamp":"2026-04-07 11:26:43"}
{"level":"info","message":"[MOCK] OTP for 919988776655 is 1234","service":"academy-backend","timestamp":"2026-04-07 11:28:56"}
{"level":"info","message":"[MOCK] OTP for 919876543210 is 1234","service":"academy-backend","timestamp":"2026-04-07 11:31:05"}
{"level":"info","message":"Server running on port 3000","service":"academy-backend","timestamp":"2026-04-07 15:07:44"}
{"level":"info","message":"[MOCK] OTP for 919876543210 is 1234","service":"academy-backend","timestamp":"2026-04-07 15:10:54"}
{"level":"error","message":"invalid input syntax for type uuid: \"0\" - POST /api/admin/members - ::ffff:192.168.0.9","service":"academy-backend","timestamp":"2026-04-07 15:16:10"}
{"level":"error","message":"invalid input syntax for type uuid: \"0\" - POST /api/admin/members - ::ffff:192.168.0.9","service":"academy-backend","timestamp":"2026-04-07 15:16:15"}
{"level":"error","message":"invalid input syntax for type uuid: \"0\" - POST /api/admin/members - ::ffff:192.168.0.9","service":"academy-backend","timestamp":"2026-04-07 15:16:37"}
{"level":"error","message":"invalid input syntax for type uuid: \"0\" - POST /api/admin/members - ::ffff:192.168.0.9","service":"academy-backend","timestamp":"2026-04-07 15:17:01"}
{"level":"error","message":"invalid input syntax for type uuid: \"0\" - POST /api/admin/members - ::ffff:192.168.0.9","service":"academy-backend","timestamp":"2026-04-07 15:17:06"}
{"level":"info","message":"Server running on port 3000","service":"academy-backend","timestamp":"2026-04-07 15:17:43"}
{"level":"info","message":"[MOCK] OTP for 911234567891 is 1234","service":"academy-backend","timestamp":"2026-04-07 15:20:15"}
{"level":"info","message":"Server running on port 3000","service":"academy-backend","timestamp":"2026-04-07 15:54:25"}
{"level":"info","message":"Server running on port 3000","service":"academy-backend","timestamp":"2026-04-07 15:57:08"}
{"level":"info","message":"[MOCK] OTP for 919876543210 is 1234","service":"academy-backend","timestamp":"2026-04-07 15:59:21"}
{"level":"info","message":"[MOCK] OTP for 919876543210 is 1234","service":"academy-backend","timestamp":"2026-04-07 15:59:32"}
{"level":"info","message":"Server running on port 3000","service":"academy-backend","timestamp":"2026-04-07 17:16:29"}
{"level":"info","message":"Server running on port 3000","service":"academy-backend","timestamp":"2026-04-08 19:33:50"}
{"level":"info","message":"[MOCK] OTP for 911122334455 is 1234","service":"academy-backend","timestamp":"2026-04-08 19:33:51"}
{"level":"info","message":"Server running on port 3000","service":"academy-backend","timestamp":"2026-04-08 20:09:29"}
{"level":"info","message":"Server running on port 3000","service":"academy-backend","timestamp":"2026-04-08 20:10:50"}
{"level":"info","message":"[MOCK] OTP for 919988776655 is 1234","service":"academy-backend","timestamp":"2026-04-08 20:12:07"}
{"level":"info","message":"[MOCK] OTP for 919876543210 is 1234","service":"academy-backend","timestamp":"2026-04-08 21:09:04"}
{"level":"error","message":"Invalid OTP (Mock mode expects 1234). - POST /api/auth/verify-otp - ::ffff:192.168.1.5","service":"academy-backend","timestamp":"2026-04-08 21:09:07"}
{"level":"error","message":"Invalid OTP (Mock mode expects 1234). - POST /api/auth/verify-otp - ::ffff:192.168.1.5","service":"academy-backend","timestamp":"2026-04-08 21:09:13"}
{"level":"info","message":"[MOCK] OTP for 911122334455 is 1234","service":"academy-backend","timestamp":"2026-04-08 21:11:49"}
{"level":"info","message":"[MOCK] OTP for 919876543210 is 1234","service":"academy-backend","timestamp":"2026-04-08 21:22:34"}
{"level":"info","message":"[MOCK] OTP for 919988776655 is 1234","service":"academy-backend","timestamp":"2026-04-08 21:45:12"}
{"level":"info","message":"[MOCK] OTP for 919876543210 is 1234","service":"academy-backend","timestamp":"2026-04-08 21:45:42"}
{"level":"info","message":"[MOCK] OTP for 919988776655 is 1234","service":"academy-backend","timestamp":"2026-04-08 21:46:38"}
{"level":"info","message":"[MOCK] OTP for 919876543210 is 1234","service":"academy-backend","timestamp":"2026-04-08 22:08:26"}
{"level":"info","message":"Server running on port 3000","service":"academy-backend","timestamp":"2026-04-09 11:14:22"}
{"level":"info","message":"[MOCK] OTP for 911122334455 is 1234","service":"academy-backend","timestamp":"2026-04-09 11:18:46"}
{"level":"info","message":"[MOCK] OTP for 919876543210 is 1234","service":"academy-backend","timestamp":"2026-04-09 11:20:50"}
{"level":"info","message":"Server running on port 3000","service":"academy-backend","timestamp":"2026-04-16 19:37:48"}
{"level":"info","message":"[MOCK] OTP for 919876543211 is 1234","service":"academy-backend","timestamp":"2026-04-16 19:47:20"}
{"level":"info","message":"Server running on port 3000","service":"academy-backend","timestamp":"2026-04-19 11:20:23"}
{"level":"info","message":"[MOCK] OTP for 919988776655 is 1234","service":"academy-backend","timestamp":"2026-04-19 11:47:19"}
{"level":"info","message":"Server running on port 3000","service":"academy-backend","timestamp":"2026-04-19 12:25:45"}
{"level":"info","message":"Server running on port 3000","service":"academy-backend","timestamp":"2026-04-19 12:26:01"}
{"level":"info","message":"Server running on port 3000","service":"academy-backend","timestamp":"2026-04-19 12:34:23"}
{"level":"error","message":"Duplicate Submission: This UTR is already recorded. - POST /api/member/payments/submit - ::ffff:192.168.1.5","service":"academy-backend","timestamp":"2026-04-19 12:36:33"}
{"level":"error","message":"Duplicate Submission: This UTR is already recorded. - POST /api/member/payments/submit - ::ffff:192.168.1.5","service":"academy-backend","timestamp":"2026-04-19 12:36:36"}
{"level":"error","message":"Duplicate Submission: This UTR is already recorded. - POST /api/member/payments/submit - ::ffff:192.168.1.5","service":"academy-backend","timestamp":"2026-04-19 12:36:37"}
{"level":"info","message":"Server running on port 3000","service":"academy-backend","timestamp":"2026-04-19 12:38:44"}
{"level":"info","message":"Server running on port 3000","service":"academy-backend","timestamp":"2026-04-19 12:41:18"}
{"level":"info","message":"Server running on port 3000","service":"academy-backend","timestamp":"2026-04-19 12:41:44"}
{"level":"info","message":"Server running on port 3000","service":"academy-backend","timestamp":"2026-04-19 12:44:06"}
{"level":"info","message":"Server running on port 3000","service":"academy-backend","timestamp":"2026-04-19 12:44:12"}
{"level":"info","message":"Server running on port 3000","service":"academy-backend","timestamp":"2026-04-19 12:46:26"}
{"level":"info","message":"[MOCK] OTP for 919876543210 is 1234","service":"academy-backend","timestamp":"2026-04-19 12:50:12"}
{"level":"info","message":"[MOCK] OTP for 911234567891 is 1234","service":"academy-backend","timestamp":"2026-04-19 12:53:15"}
{"level":"info","message":"[MOCK] OTP for 919876543212 is 1234","service":"academy-backend","timestamp":"2026-04-19 12:54:01"}
{"level":"error","message":"Invalid OTP (Mock mode expects 1234). - POST /api/auth/verify-otp - ::ffff:192.168.1.5","service":"academy-backend","timestamp":"2026-04-19 12:54:11"}
{"level":"info","message":"Server running on port 3000","service":"academy-backend","timestamp":"2026-04-19 12:59:22"}
{"level":"info","message":"Server running on port 3000","service":"academy-backend","timestamp":"2026-04-19 13:02:30"}
{"level":"info","message":"Fetching profile for user ID: e67a773c-5687-44c9-969d-ad3694ee069a","service":"academy-backend","timestamp":"2026-04-19 13:04:10"}
{"level":"info","message":"Fetching profile for user ID: e67a773c-5687-44c9-969d-ad3694ee069a","service":"academy-backend","timestamp":"2026-04-19 13:06:32"}
{"level":"info","message":"Server running on port 3000","service":"academy-backend","timestamp":"2026-04-19 13:09:39"}
{"level":"info","message":"Fetching profile for user ID: e67a773c-5687-44c9-969d-ad3694ee069a","service":"academy-backend","timestamp":"2026-04-19 13:10:05"}
{"level":"info","message":"Fetching profile for user ID: e67a773c-5687-44c9-969d-ad3694ee069a","service":"academy-backend","timestamp":"2026-04-19 13:12:45"}
{"level":"info","message":"Fetching profile for user ID: e67a773c-5687-44c9-969d-ad3694ee069a","service":"academy-backend","timestamp":"2026-04-19 13:13:13"}
{"level":"info","message":"Fetching profile for user ID: e67a773c-5687-44c9-969d-ad3694ee069a","service":"academy-backend","timestamp":"2026-04-19 13:13:31"}
{"level":"info","message":"Server running on port 3000","service":"academy-backend","timestamp":"2026-04-19 13:33:32"}
{"level":"info","message":"Server running on port 3000","service":"academy-backend","timestamp":"2026-04-19 14:39:17"}
{"level":"info","message":"[MOCK] OTP for 919876543212 is 1234","service":"academy-backend","timestamp":"2026-04-19 14:39:45"}
{"level":"info","message":"Fetching profile for admin ID: e67a773c-5687-44c9-969d-ad3694ee069a","service":"academy-backend","timestamp":"2026-04-19 14:39:49"}
{"level":"info","message":"Server running on port 3000","service":"academy-backend","timestamp":"2026-04-19 14:48:50"}
{"level":"info","message":"Fetching profile for admin ID: e67a773c-5687-44c9-969d-ad3694ee069a","service":"academy-backend","timestamp":"2026-04-19 14:54:10"}
{"level":"info","message":"Fetching profile for admin ID: e67a773c-5687-44c9-969d-ad3694ee069a","service":"academy-backend","timestamp":"2026-04-19 14:54:46"}
{"level":"info","message":"Fetching profile for admin ID: e67a773c-5687-44c9-969d-ad3694ee069a","service":"academy-backend","timestamp":"2026-04-19 14:55:11"}
{"level":"info","message":"[MOCK] OTP for 919876543212 is 1234","service":"academy-backend","timestamp":"2026-04-19 14:56:53"}
{"level":"info","message":"Fetching profile for admin ID: e67a773c-5687-44c9-969d-ad3694ee069a","service":"academy-backend","timestamp":"2026-04-19 14:56:57"}
{"level":"info","message":"Fetching profile for admin ID: e67a773c-5687-44c9-969d-ad3694ee069a","service":"academy-backend","timestamp":"2026-04-19 14:59:24"}
{"level":"info","message":"Server running on port 3000","service":"academy-backend","timestamp":"2026-04-19 22:21:08"}
{"level":"info","message":"Fetching profile for admin ID: e67a773c-5687-44c9-969d-ad3694ee069a","service":"academy-backend","timestamp":"2026-04-19 22:24:25"}
{"level":"info","message":"Server running on port 3000","service":"academy-backend","timestamp":"2026-04-19 22:35:02"}
{"level":"info","message":"Fetching profile for admin ID: e67a773c-5687-44c9-969d-ad3694ee069a","service":"academy-backend","timestamp":"2026-04-19 22:44:13"}
{"level":"info","message":"Server running on port 3000","service":"academy-backend","timestamp":"2026-04-19 22:44:31"}
{"level":"info","message":"Fetching profile for admin ID: e67a773c-5687-44c9-969d-ad3694ee069a","service":"academy-backend","timestamp":"2026-04-19 23:20:09"}
{"level":"info","message":"Server running on port 3000","service":"academy-backend","timestamp":"2026-04-19 23:22:27"}
{"level":"info","message":"Fetching profile for admin ID: e67a773c-5687-44c9-969d-ad3694ee069a","service":"academy-backend","timestamp":"2026-04-19 23:25:05"}
{"level":"info","message":"Fetching profile for admin ID: e67a773c-5687-44c9-969d-ad3694ee069a","service":"academy-backend","timestamp":"2026-04-19 23:29:49"}
{"level":"info","message":"Server running on port 3000","service":"academy-backend","timestamp":"2026-04-19 23:30:45"}
{"level":"info","message":"Server running on port 3000","service":"academy-backend","timestamp":"2026-04-19 23:30:56"}
{"level":"info","message":"Fetching profile for admin ID: e67a773c-5687-44c9-969d-ad3694ee069a","service":"academy-backend","timestamp":"2026-04-19 23:33:16"}
{"level":"info","message":"Fetching profile for admin ID: e67a773c-5687-44c9-969d-ad3694ee069a","service":"academy-backend","timestamp":"2026-04-19 23:34:29"}
{"level":"info","message":"Fetching profile for admin ID: e67a773c-5687-44c9-969d-ad3694ee069a","service":"academy-backend","timestamp":"2026-04-19 23:34:42"}
{"level":"info","message":"[MOCK] OTP for 919876543210 is 1234","service":"academy-backend","timestamp":"2026-04-19 23:36:38"}
{"level":"info","message":"Fetching profile for admin ID: c89606cf-b8b4-4ee4-8304-2e7ddce1bce5","service":"academy-backend","timestamp":"2026-04-19 23:45:49"}
{"level":"info","message":"Fetching profile for admin ID: c89606cf-b8b4-4ee4-8304-2e7ddce1bce5","service":"academy-backend","timestamp":"2026-04-19 23:45:56"}
{"level":"info","message":"[CRON] Starting event cleanup...","service":"academy-backend","timestamp":"2026-04-20 00:00:00"}
{"level":"info","message":"[CRON] Starting payment screenshot cleanup...","service":"academy-backend","timestamp":"2026-04-20 00:00:00"}
{"level":"info","message":"[CRON] Event cleanup completed. Rows affected: 0","service":"academy-backend","timestamp":"2026-04-20 00:00:00"}
{"level":"info","message":"[CRON] Payment cleanup completed. Rows affected: 1","service":"academy-backend","timestamp":"2026-04-20 00:00:00"}
{"level":"info","message":"Server running on port 3000","service":"academy-backend","timestamp":"2026-04-20 00:07:27"}
{"level":"info","message":"Server running on port 3000","service":"academy-backend","timestamp":"2026-04-20 00:07:53"}
{"level":"info","message":"Server running on port 3000","service":"academy-backend","timestamp":"2026-04-20 00:08:10"}
{"level":"info","message":"Server running on port 3000","service":"academy-backend","timestamp":"2026-04-20 00:08:24"}
{"level":"info","message":"Server running on port 3000","service":"academy-backend","timestamp":"2026-04-20 00:08:34"}
{"level":"info","message":"Fetching profile for admin ID: c89606cf-b8b4-4ee4-8304-2e7ddce1bce5","service":"academy-backend","timestamp":"2026-04-20 00:11:01"}
{"level":"info","message":"Fetching profile for admin ID: c89606cf-b8b4-4ee4-8304-2e7ddce1bce5","service":"academy-backend","timestamp":"2026-04-20 00:11:53"}
{"level":"info","message":"Server running on port 3000","service":"academy-backend","timestamp":"2026-04-20 00:13:26"}
{"level":"info","message":"[MOCK] OTP for 919876543211 is 1234","service":"academy-backend","timestamp":"2026-04-20 00:18:28"}
{"level":"info","message":"Starting OCR detection on payment screenshot...","service":"academy-backend","timestamp":"2026-04-20 00:18:59"}
{"level":"info","message":"Detected payment method: GPay","service":"academy-backend","timestamp":"2026-04-20 00:19:02"}
{"level":"info","message":"[MOCK] OTP for 919876543210 is 1234","service":"academy-backend","timestamp":"2026-04-20 00:19:45"}
{"level":"info","message":"Fetching profile for admin ID: c89606cf-b8b4-4ee4-8304-2e7ddce1bce5","service":"academy-backend","timestamp":"2026-04-20 00:19:48"}
{"level":"info","message":"[MOCK] OTP for 919876543211 is 1234","service":"academy-backend","timestamp":"2026-04-20 00:20:20"}
{"level":"info","message":"[MOCK] OTP for 919876543210 is 1234","service":"academy-backend","timestamp":"2026-04-20 00:21:04"}
{"level":"info","message":"Fetching profile for admin ID: c89606cf-b8b4-4ee4-8304-2e7ddce1bce5","service":"academy-backend","timestamp":"2026-04-20 00:21:07"}
{"level":"info","message":"Fetching profile for admin ID: c89606cf-b8b4-4ee4-8304-2e7ddce1bce5","service":"academy-backend","timestamp":"2026-04-20 00:23:07"}
{"level":"info","message":"Fetching profile for admin ID: c89606cf-b8b4-4ee4-8304-2e7ddce1bce5","service":"academy-backend","timestamp":"2026-04-20 00:23:36"}
{"level":"info","message":"Fetching profile for admin ID: c89606cf-b8b4-4ee4-8304-2e7ddce1bce5","service":"academy-backend","timestamp":"2026-04-20 00:25:19"}
{"level":"info","message":"Server running on port 3000","service":"academy-backend","timestamp":"2026-05-21 19:36:09"}
{"level":"info","message":"Creating products table...","service":"academy-backend","timestamp":"2026-05-21 19:36:29"}
{"level":"info","message":"Products table created successfully.","service":"academy-backend","timestamp":"2026-05-21 19:36:29"}
{"level":"info","message":"Seeding initial products...","service":"academy-backend","timestamp":"2026-05-21 19:36:29"}
{"level":"info","message":"Initial products seeded successfully.","service":"academy-backend","timestamp":"2026-05-21 19:36:29"}
{"level":"info","message":"Server running on port 3000","service":"academy-backend","timestamp":"2026-05-21 19:36:39"}
{"level":"info","message":"Server running on port 3000","service":"academy-backend","timestamp":"2026-05-21 19:36:55"}
{"level":"info","message":"Server running on port 3000","service":"academy-backend","timestamp":"2026-05-21 19:37:07"}
